Feature: Dime is accepted


Initial state:
VendingMachine
Display                      INSERT COIN
Balance                                0
Coins                                 []


insert coin - dime:
VendingMachine
Display                               10
Balance                               10
Coins                               [10]
